// Jest Snapshot v1, https://goo.gl/fbAQLP

exports[`matches snapshot 1`] = `
<DocumentFragment>
  <div
    class="LoginForm"
  >
    <img
      alt="teacup"
      src="https://images.unsplash.com/photo-1503933190776-da31c7700f80?ixlib=rb-1.2.1&ixid=MnwxMjA3fDB8MHxwaG90by1wYWdlfHx8fGVufDB8fHx8&auto=format&fit=crop&w=3307&q=80"
      style="height: 100%; width: 100%; position: absolute; z-index: 1;"
    />
    <div
      class="container col-md-6 offset-md-3 col-lg-4 offset-lg-4"
      style="z-index: 2;"
    >
      <h3
        class="mb-3"
      >
        Log In
      </h3>
      <div
        class="card"
      >
        <div
          class="card-body"
        >
          <form>
            <div
              class="form-group"
            >
              <label>
                Username
              </label>
              <input
                autocomplete="username"
                class="form-control"
                name="username"
                required=""
                value=""
              />
            </div>
            <div
              class="form-group"
            >
              <label>
                Password
              </label>
              <input
                autocomplete="current-password"
                class="form-control"
                name="password"
                required=""
                type="password"
                value=""
              />
            </div>
            <button
              class="btn btn-primary float-right"
            >
              Submit
            </button>
          </form>
        </div>
      </div>
    </div>
  </div>
</DocumentFragment>
`;
